// Jest Snapshot v1, https://goo.gl/fbAQLP

exports[`<FibonacciTable /> should render FibonacciTable correctly 1`] = `
<table
  className="fib-table"
>
  <thead>
    <tr>
      <th
        className="left-column"
      >
        n
      </th>
      <th>
        F(n)
      </th>
    </tr>
  </thead>
  <tbody>
    <tr
      key="0"
    >
      <td
        className="left-column"
      >
        0
      </td>
      <td>
        0
      </td>
    </tr>
    <tr
      key="1"
    >
      <td
        className="left-column"
      >
        1
      </td>
      <td>
        1
      </td>
    </tr>
    <tr
      key="1"
    >
      <td
        className="left-column"
      >
        2
      </td>
      <td>
        1
      </td>
    </tr>
    <tr
      key="2"
    >
      <td
        className="left-column"
      >
        3
      </td>
      <td>
        2
      </td>
    </tr>
    <tr
      key="3"
    >
      <td
        className="left-column"
      >
        4
      </td>
      <td>
        3
      </td>
    </tr>
    <tr
      key="5"
    >
      <td
        className="left-column"
      >
        5
      </td>
      <td>
        5
      </td>
    </tr>
  </tbody>
</table>
`;
